# What evaluate.pc.run printed, saved by hand from out/full_run_pc_3.log and added here on 2026-09-20.
# The script did not write this file.

6585 train and 4609 test logs, 206977s and 69031s above the minimum speed
206849 calibration rows in 1293 stretches, the gap drops 118571 training rows
grid reused, train (3538312, 17)
attack set reused, 3975 attacks
moving rows: train 1760019, calibration 206227, test 689738. 862 attacks reach a moving row and moved it

17.5 hours above MIN_SPEED with no attack in them

                 detector   threshold  on clean test  epochs
/Users/asana/ai_can_detection/models/pca.py:30: RuntimeWarning: divide by zero encountered in matmul
  projected = (centred @ space.basis) @ space.basis.T
/Users/asana/ai_can_detection/models/pca.py:30: RuntimeWarning: overflow encountered in matmul
  projected = (centred @ space.basis) @ space.basis.T
/Users/asana/ai_can_detection/models/pca.py:30: RuntimeWarning: invalid value encountered in matmul
  projected = (centred @ space.basis) @ space.basis.T
                + pca k=2       9.332        0.00072        
          + linear ae k=2       5.117        0.00072      13
  + nonlinear ae h=32 k=2       2.402        0.00061     441
  + nonlinear ae h=64 k=2       2.493        0.00115     399
 + nonlinear ae h=128 k=2       2.294        0.00109     444
/Users/asana/ai_can_detection/models/pca.py:30: RuntimeWarning: divide by zero encountered in matmul
  projected = (centred @ space.basis) @ space.basis.T
/Users/asana/ai_can_detection/models/pca.py:30: RuntimeWarning: overflow encountered in matmul
  projected = (centred @ space.basis) @ space.basis.T
/Users/asana/ai_can_detection/models/pca.py:30: RuntimeWarning: invalid value encountered in matmul
  projected = (centred @ space.basis) @ space.basis.T
                + pca k=4       6.409        0.00031        
          + linear ae k=4       2.434        0.00030      14
  + nonlinear ae h=32 k=4      0.8591        0.00057     281
  + nonlinear ae h=64 k=4      0.5916        0.00078     529
 + nonlinear ae h=128 k=4      0.5322        0.00087     446
                + pca k=6       5.091        0.00090        
          + linear ae k=6       1.526        0.00092      14
  + nonlinear ae h=32 k=6      0.3037        0.00052     432
  + nonlinear ae h=64 k=6      0.1943        0.00060     326
 + nonlinear ae h=128 k=6      0.1672        0.00049     472
                + pca k=8       3.239        0.00067        
          + linear ae k=8      0.6265        0.00069      14
  + nonlinear ae h=32 k=8     0.08176        0.00406     360
  + nonlinear ae h=64 k=8     0.04747        0.00078     623
 + nonlinear ae h=128 k=8     0.02873        0.00103     521
               + pca k=10       2.073        0.00137        
         + linear ae k=10      0.2535        0.00135      26
 + nonlinear ae h=32 k=10     0.02746        0.00065     367
 + nonlinear ae h=64 k=10     0.01593        0.00073     704
+ nonlinear ae h=128 k=10     0.01072        0.00078     497
               + pca k=12       1.416        0.01446        
         + linear ae k=12      0.1197        0.01448      48
 + nonlinear ae h=32 k=12     0.01172        0.00068     314
 + nonlinear ae h=64 k=12    0.004645        0.00079     475
+ nonlinear ae h=128 k=12    0.001377        0.00051     665
               + pca k=14      0.6291        0.00096        
         + linear ae k=14     0.02332        0.00096      35
 + nonlinear ae h=32 k=14   0.0002646        0.00201     133
 + nonlinear ae h=64 k=14    0.000229        0.00161     215
+ nonlinear ae h=128 k=14   0.0001669        0.00174     168
               + pca k=16     0.02591        0.00075        
         + linear ae k=16   4.016e-05        0.00076      75
 + nonlinear ae h=32 k=16   0.0001589        0.00173     136
 + nonlinear ae h=64 k=16   0.0001309        0.00139     113
+ nonlinear ae h=128 k=16   8.159e-05        0.00097     251

                 detector    found in 1  found in 10     alarms/h 1   alarms/h 10
                    rules       448/862      373/862           34.4           0.2
                + pca k=2       450/862      374/862           39.8           0.9
          + linear ae k=2       450/862      374/862           39.8           0.9
  + nonlinear ae h=32 k=2       476/862      389/862           44.3           0.6
  + nonlinear ae h=64 k=2       483/862      397/862           46.9           1.1
 + nonlinear ae h=128 k=2       481/862      386/862           46.0           0.9
                + pca k=4       452/862      374/862           37.3           0.2
          + linear ae k=4       452/862      374/862           37.2           0.2
  + nonlinear ae h=32 k=4       532/862      429/862           44.0           0.3
  + nonlinear ae h=64 k=4       547/862      440/862           51.3           0.3
 + nonlinear ae h=128 k=4       564/862      458/862           52.4           0.3
                + pca k=6       458/862      380/862           44.9           0.4
          + linear ae k=6       459/862      380/862           45.2           0.4
  + nonlinear ae h=32 k=6       566/862      464/862           43.0           0.3
  + nonlinear ae h=64 k=6       602/862      507/862           45.2           0.3
 + nonlinear ae h=128 k=6       632/862      529/862           44.6           0.2
                + pca k=8       496/862      414/862           39.7           0.8
          + linear ae k=8       494/862      413/862           40.0           0.9
  + nonlinear ae h=32 k=8       677/862      577/862           48.9           1.7
  + nonlinear ae h=64 k=8       701/862      601/862           46.6           0.6
 + nonlinear ae h=128 k=8       733/862      647/862           53.2           0.7
               + pca k=10       570/862      464/862           46.7           1.0
         + linear ae k=10       569/862      464/862           46.5           1.0
 + nonlinear ae h=32 k=10       671/862      567/862           49.0           0.3
 + nonlinear ae h=64 k=10       687/862      598/862           53.0           0.2
+ nonlinear ae h=128 k=10       707/862      630/862           56.2           0.2
               + pca k=12       646/862      544/862           56.0           6.2
         + linear ae k=12       645/862      544/862           52.8           5.7
 + nonlinear ae h=32 k=12       617/862      498/862           54.7           0.2
 + nonlinear ae h=64 k=12       685/862      588/862           56.2           0.3
+ nonlinear ae h=128 k=12       673/862      581/862           48.2           0.2
               + pca k=14       636/862      534/862           46.7           0.9
         + linear ae k=14       635/862      534/862           46.8           0.8
 + nonlinear ae h=32 k=14       645/862      544/862           80.9           0.4
 + nonlinear ae h=64 k=14       725/862      625/862           61.2           1.1
+ nonlinear ae h=128 k=14       736/862      642/862           67.2           0.7
               + pca k=16       458/862      374/862           58.4           0.2
         + linear ae k=16       458/862      374/862           58.4           0.2
 + nonlinear ae h=32 k=16       686/862      566/862           66.8           0.9
 + nonlinear ae h=64 k=16       733/862      637/862           68.2           0.3
+ nonlinear ae h=128 k=16       672/862      551/862           62.2           0.2
    22460.02 real     22238.34 user      1010.62 sys
          5190369280  maximum resident set size
                   0  average shared memory size
                   0  average unshared data size
                   0  average unshared stack size
             7688028  page reclaims
                 696  page faults
                   0  swaps
                   0  block input operations
                   0  block output operations
                  25  messages sent
                  31  messages received
                   0  signals received
                2566  voluntary context switches
           459119004  involuntary context switches
     394202755431746  instructions retired
      90392288697335  cycles elapsed
          6383686888  peak memory footprint
